// Jest Snapshot v1, https://goo.gl/fbAQLP

exports[`Home matches the snapshot 1`] = `
<div
  className="wrap"
>
  <h1>
    Home
  </h1>
</div>
`;
