// Jest Snapshot v1, https://goo.gl/fbAQLP

exports[`Text matches the snapshot 1`] = `
<span
  className="base small black weight_regular"
  style={Object {}}
>
  Sample text
</span>
`;
